V "4.8.6.0 Jun  6 2019"
R
U 0
U 0
U 0
U 0
C 360
R
U 0
U 0
U 0
U 0
C 360
R
C 361
M "SimpleExample"
R
P 0
C 7
= 0x7f54784d3728
R
P 0x7f54784d3728
U 2
C 347
R
P 0x7f54784d3728
C 357
R
P 0x7f54784d3728
C 8
R
C 3
= 0x7f54784eb668
R
P 0x7f54784eb668
S "model"
S "true"
C 5
R
P 0x7f54784eb668
C 7
= 0x7f54784d3728
R
P 0x7f54784eb668
C 4
R
P 0x7f54784d3728
U 2
C 347
R
P 0x7f54784d3728
C 357
R
P 0x7f54784d3728
C 562
= 0x7f5478516d68
R
P 0x7f54784d3728
C 357
R
P 0x7f54784d3728
P 0x7f5478516d68
C 563
R
P 0x7f54784d3728
C 357
R
P 0x7f54784d3728
C 33
= 0x7f54784f07c8
R
P 0x7f54784d3728
C 357
R
P 0x7f54784d3728
P 0x7f54784f07c8
C 271
R
P 0x7f54784d3728
C 357
R
P 0x7f54784d3728
P 0x7f54784f07c8
C 9
R
P 0x7f54784d3728
C 357
R
P 0x7f54784d3728
S "x"
C 30
R
P 0x7f54784d3728
C 357
R
P 0x7f54784d3728
$ |x|
C 216
R
P 0x7f54784d3728
C 357
R
P 0x7f54784d3728
$ |x|
P 0x7f54784f07c8
C 51
= 0x7f54784f10e8
R
P 0x7f54784d3728
C 357
R
P 0x7f54784d3728
P 0x7f54784f10e8
C 271
R
P 0x7f54784d3728
C 357
R
P 0x7f54784d3728
P 0x7f54784f10e8
C 268
= 0x7f54784f07c8
R
P 0x7f54784d3728
C 357
R
P 0x7f54784d3728
P 0x7f54784f07c8
C 223
R
P 0x7f54784d3728
C 357
R
P 0x7f54784d3728
P 0x7f54784f10e8
C 274
R
P 0x7f54784d3728
C 357
R
P 0x7f54784d3728
P 0x7f54784f10e8
C 273
R
P 0x7f54784d3728
C 357
R
P 0x7f54784d3728
P 0x7f54784f10e8
C 272
R
P 0x7f54784d3728
C 357
R
P 0x7f54784d3728
P 0x7f54784f10e8
C 9
R
P 0x7f54784d3728
C 357
R
P 0x7f54784d3728
S "y"
C 30
R
P 0x7f54784d3728
C 357
R
P 0x7f54784d3728
$ |y|
C 216
R
P 0x7f54784d3728
C 357
R
P 0x7f54784d3728
$ |y|
P 0x7f54784f07c8
C 51
= 0x7f54784f1108
R
P 0x7f54784d3728
C 357
R
P 0x7f54784d3728
P 0x7f54784f1108
C 271
R
P 0x7f54784d3728
C 357
R
P 0x7f54784d3728
P 0x7f54784f1108
C 268
= 0x7f54784f07c8
R
P 0x7f54784d3728
C 357
R
P 0x7f54784d3728
P 0x7f54784f07c8
C 223
R
P 0x7f54784d3728
C 357
R
P 0x7f54784d3728
P 0x7f54784f1108
C 274
R
P 0x7f54784d3728
C 357
R
P 0x7f54784d3728
P 0x7f54784f1108
C 273
R
P 0x7f54784d3728
C 357
R
P 0x7f54784d3728
P 0x7f54784f1108
C 272
R
P 0x7f54784d3728
C 357
R
P 0x7f54784d3728
P 0x7f54784f1108
C 9
R
P 0x7f54784d3728
C 357
R
P 0x7f54784d3728
U 2
P 0x7f54784f10e8
P 0x7f54784f1108
p 2
C 67
= 0x7f54784d5798
R
P 0x7f54784d3728
C 357
R
P 0x7f54784d3728
P 0x7f54784d5798
C 271
R
P 0x7f54784d3728
C 357
R
P 0x7f54784d3728
P 0x7f54784d5798
C 268
= 0x7f54784f07c8
R
P 0x7f54784d3728
C 357
R
P 0x7f54784d3728
P 0x7f54784f07c8
C 223
R
P 0x7f54784d3728
C 357
R
P 0x7f54784d3728
P 0x7f54784d5798
C 274
R
P 0x7f54784d3728
C 357
R
P 0x7f54784d3728
P 0x7f54784d5798
C 273
R
P 0x7f54784d3728
C 357
R
P 0x7f54784d3728
P 0x7f54784d5798
C 272
R
P 0x7f54784d3728
C 357
R
P 0x7f54784d3728
P 0x7f54784d5798
C 9
R
P 0x7f54784d3728
C 357
R
P 0x7f54784d3728
I 10
P 0x7f54784f07c8
C 153
= 0x7f54784f1128
R
P 0x7f54784d3728
C 357
R
P 0x7f54784d3728
P 0x7f54784f1128
C 272
R
P 0x7f54784d3728
C 357
R
P 0x7f54784d3728
P 0x7f54784f1128
C 9
R
P 0x7f54784d3728
C 357
R
P 0x7f54784d3728
P 0x7f54784d5798
P 0x7f54784f1128
C 58
= 0x7f54784d57d0
R
P 0x7f54784d3728
C 357
R
P 0x7f54784d3728
P 0x7f54784d57d0
C 272
R
P 0x7f54784d3728
C 357
R
P 0x7f54784d3728
P 0x7f54784d57d0
C 9
R
P 0x7f54784d3728
C 357
R
P 0x7f54784d3728
I 0
P 0x7f54784f07c8
C 153
= 0x7f54784f1148
R
P 0x7f54784d3728
C 357
R
P 0x7f54784d3728
P 0x7f54784f1148
C 272
R
P 0x7f54784d3728
C 357
R
P 0x7f54784d3728
P 0x7f54784f1148
C 9
R
P 0x7f54784d3728
C 357
R
P 0x7f54784d3728
P 0x7f54784f10e8
P 0x7f54784f1148
C 78
= 0x7f54784d5808
R
P 0x7f54784d3728
C 357
R
P 0x7f54784d3728
P 0x7f54784d5808
C 272
R
P 0x7f54784d3728
C 357
R
P 0x7f54784d3728
P 0x7f54784d5808
C 9
R
P 0x7f54784d3728
C 357
R
P 0x7f54784d3728
I 0
P 0x7f54784f07c8
C 153
= 0x7f54784f1148
R
P 0x7f54784d3728
C 357
R
P 0x7f54784d3728
P 0x7f54784f1148
C 272
R
P 0x7f54784d3728
C 357
R
P 0x7f54784d3728
P 0x7f54784f1148
C 9
R
P 0x7f54784d3728
C 357
R
P 0x7f54784d3728
P 0x7f54784f1108
P 0x7f54784f1148
C 78
= 0x7f54784d5840
R
P 0x7f54784d3728
C 357
R
P 0x7f54784d3728
P 0x7f54784d5840
C 272
R
P 0x7f54784d3728
C 357
R
P 0x7f54784d3728
P 0x7f54784d5840
C 9
R
P 0x7f54784d3728
C 357
R
P 0x7f54784d3728
P 0x7f5478516d68
P 0x7f54784d57d0
C 565
R
P 0x7f54784d3728
C 357
R
P 0x7f54784d3728
P 0x7f5478516d68
P 0x7f54784d5808
C 565
R
P 0x7f54784d3728
C 357
R
P 0x7f54784d3728
P 0x7f5478516d68
P 0x7f54784d5840
C 565
R
P 0x7f54784d3728
C 357
R
P 0x7f54784d3728
P 0x7f5478516d68
P 0x7f54784f10e8
C 568
R
P 0x7f54784d3728
C 357
R
P 0x7f54784d3728
P 0x7f5478516d68
P 0x7f54784f1108
C 568
R
P 0x7f54784d3728
C 357
R
P 0x7f54784d3728
P 0x7f5478516d68
U 0
p 0
C 572
R
P 0x7f54784d3728
C 357
R
P 0x7f54784d3728
P 0x7f5478516d68
U 0
C 578
= 0x7f54784f1128
R
P 0x7f54784d3728
C 357
R
P 0x7f54784d3728
P 0x7f54784f1128
C 271
R
P 0x7f54784d3728
C 357
R
P 0x7f54784d3728
P 0x7f54784f1128
C 268
= 0x7f54784f07c8
R
P 0x7f54784d3728
C 357
R
P 0x7f54784d3728
P 0x7f54784f07c8
C 223
R
P 0x7f54784d3728
C 357
R
P 0x7f54784d3728
P 0x7f54784f1128
C 274
R
P 0x7f54784d3728
C 357
R
P 0x7f54784d3728
P 0x7f54784f1128
C 273
R
P 0x7f54784d3728
C 357
R
P 0x7f54784d3728
P 0x7f54784f1128
C 272
R
P 0x7f54784d3728
C 357
R
P 0x7f54784d3728
P 0x7f54784f1128
C 9
R
P 0x7f54784d3728
C 357
R
P 0x7f54784d3728
P 0x7f54784f1128
C 277
R
P 0x7f54784d3728
C 357
R
P 0x7f54784d3728
P 0x7f5478516d68
U 1
C 578
= 0x7f54784f1148
R
P 0x7f54784d3728
C 357
R
P 0x7f54784d3728
P 0x7f54784f1148
C 271
R
P 0x7f54784d3728
C 357
R
P 0x7f54784d3728
P 0x7f54784f1148
C 268
= 0x7f54784f07c8
R
P 0x7f54784d3728
C 357
R
P 0x7f54784d3728
P 0x7f54784f07c8
C 223
R
P 0x7f54784d3728
C 357
R
P 0x7f54784d3728
P 0x7f54784f1148
C 274
R
P 0x7f54784d3728
C 357
R
P 0x7f54784d3728
P 0x7f54784f1148
C 273
R
P 0x7f54784d3728
C 357
R
P 0x7f54784d3728
P 0x7f54784f1148
C 272
R
P 0x7f54784d3728
C 357
R
P 0x7f54784d3728
P 0x7f54784f1148
C 9
R
P 0x7f54784d3728
C 357
R
P 0x7f54784d3728
P 0x7f54784f1148
C 277
R
P 0x7f54784d3728
C 357
R
C 3
= 0x7f5478635d98
R
P 0x7f5478635d98
S "proof"
S "true"
C 5
R
P 0x7f5478635d98
C 7
= 0x7f547863a168
R
P 0x7f5478635d98
C 4
R
P 0x7f547863a168
U 2
C 347
R
P 0x7f547863a168
C 357
M "ProveExample1"
R
P 0x7f547863a168
S "U"
C 30
R
P 0x7f547863a168
C 357
R
P 0x7f547863a168
$ |U|
C 216
R
P 0x7f547863a168
C 357
R
P 0x7f547863a168
$ |U|
C 31
= 0x7f5478643938
R
P 0x7f547863a168
C 357
R
P 0x7f547863a168
P 0x7f5478643938
C 271
R
P 0x7f547863a168
C 357
R
P 0x7f547863a168
P 0x7f5478643938
C 9
R
P 0x7f547863a168
C 357
R
P 0x7f547863a168
S "g"
C 30
R
P 0x7f547863a168
C 357
R
P 0x7f547863a168
$ |g|
C 216
R
P 0x7f547863a168
C 357
R
P 0x7f547863a168
$ |g|
U 1
P 0x7f5478643938
p 1
P 0x7f5478643938
C 49
= 0x7f5478649458
R
P 0x7f547863a168
C 357
R
P 0x7f547863a168
P 0x7f5478649458
C 271
R
P 0x7f547863a168
C 357
R
P 0x7f547863a168
P 0x7f5478649458
C 9
R
P 0x7f547863a168
C 357
R
P 0x7f547863a168
S "x"
C 30
R
P 0x7f547863a168
C 357
R
P 0x7f547863a168
$ |x|
C 216
R
P 0x7f547863a168
C 357
R
P 0x7f547863a168
$ |x|
P 0x7f5478643938
C 51
= 0x7f5478643958
R
P 0x7f547863a168
C 357
R
P 0x7f547863a168
P 0x7f5478643958
C 271
R
P 0x7f547863a168
C 357
R
P 0x7f547863a168
P 0x7f5478643958
C 268
= 0x7f5478643938
R
P 0x7f547863a168
C 357
R
P 0x7f547863a168
P 0x7f5478643938
C 223
R
P 0x7f547863a168
C 357
R
P 0x7f547863a168
P 0x7f5478643958
C 274
R
P 0x7f547863a168
C 357
R
P 0x7f547863a168
P 0x7f5478643958
C 273
R
P 0x7f547863a168
C 357
R
P 0x7f547863a168
P 0x7f5478643958
C 272
R
P 0x7f547863a168
C 357
R
P 0x7f547863a168
P 0x7f5478643958
C 9
R
P 0x7f547863a168
C 357
R
P 0x7f547863a168
S "y"
C 30
R
P 0x7f547863a168
C 357
R
P 0x7f547863a168
$ |y|
C 216
R
P 0x7f547863a168
C 357
R
P 0x7f547863a168
$ |y|
P 0x7f5478643938
C 51
= 0x7f5478643978
R
P 0x7f547863a168
C 357
R
P 0x7f547863a168
P 0x7f5478643978
C 271
R
P 0x7f547863a168
C 357
R
P 0x7f547863a168
P 0x7f5478643978
C 268
= 0x7f5478643938
R
P 0x7f547863a168
C 357
R
P 0x7f547863a168
P 0x7f5478643938
C 223
R
P 0x7f547863a168
C 357
R
P 0x7f547863a168
P 0x7f5478643978
C 274
R
P 0x7f547863a168
C 357
R
P 0x7f547863a168
P 0x7f5478643978
C 273
R
P 0x7f547863a168
C 357
R
P 0x7f547863a168
P 0x7f5478643978
C 272
R
P 0x7f547863a168
C 357
R
P 0x7f547863a168
P 0x7f5478643978
C 9
R
P 0x7f547863a168
C 357
R
P 0x7f547863a168
P 0x7f5478649458
U 1
P 0x7f5478643958
p 1
C 50
= 0x7f5478645118
R
P 0x7f547863a168
C 357
R
P 0x7f547863a168
P 0x7f5478645118
C 271
R
P 0x7f547863a168
C 357
R
P 0x7f547863a168
P 0x7f5478645118
C 268
= 0x7f5478643938
R
P 0x7f547863a168
C 357
R
P 0x7f547863a168
P 0x7f5478643938
C 223
R
P 0x7f547863a168
C 357
R
P 0x7f547863a168
P 0x7f5478645118
C 274
R
P 0x7f547863a168
C 357
R
P 0x7f547863a168
P 0x7f5478645118
C 273
R
P 0x7f547863a168
C 357
R
P 0x7f547863a168
P 0x7f5478645118
C 272
R
P 0x7f547863a168
C 357
R
P 0x7f547863a168
P 0x7f5478645118
C 9
R
P 0x7f547863a168
C 357
R
P 0x7f547863a168
P 0x7f5478649458
U 1
P 0x7f5478643978
p 1
C 50
= 0x7f5478645148
R
P 0x7f547863a168
C 357
R
P 0x7f547863a168
P 0x7f5478645148
C 271
R
P 0x7f547863a168
C 357
R
P 0x7f547863a168
P 0x7f5478645148
C 268
= 0x7f5478643938
R
P 0x7f547863a168
C 357
R
P 0x7f547863a168
P 0x7f5478643938
C 223
R
P 0x7f547863a168
C 357
R
P 0x7f547863a168
P 0x7f5478645148
C 274
R
P 0x7f547863a168
C 357
R
P 0x7f547863a168
P 0x7f5478645148
C 273
R
P 0x7f547863a168
C 357
R
P 0x7f547863a168
P 0x7f5478645148
C 272
R
P 0x7f547863a168
C 357
R
P 0x7f547863a168
P 0x7f5478645148
C 9
R
P 0x7f547863a168
C 357
R
P 0x7f547863a168
P 0x7f5478643958
P 0x7f5478643978
C 58
= 0x7f5478649490
R
P 0x7f547863a168
C 357
R
P 0x7f547863a168
P 0x7f5478649490
C 272
R
P 0x7f547863a168
C 357
R
P 0x7f547863a168
P 0x7f5478649490
C 9
R
P 0x7f547863a168
C 357
R
P 0x7f547863a168
P 0x7f5478645118
P 0x7f5478645148
C 58
= 0x7f54786494c8
R
P 0x7f547863a168
C 357
R
P 0x7f547863a168
P 0x7f54786494c8
C 272
R
P 0x7f547863a168
C 357
R
P 0x7f547863a168
P 0x7f54786494c8
C 9
R
P 0x7f547863a168
C 357
R
P 0x7f547863a168
P 0x7f5478649490
P 0x7f54786494c8
C 63
= 0x7f5478649500
R
P 0x7f547863a168
C 357
R
P 0x7f547863a168
P 0x7f5478649500
C 272
R
P 0x7f547863a168
C 357
R
P 0x7f547863a168
P 0x7f5478649500
C 9
R
P 0x7f547863a168
C 357
R
P 0x7f547863a168
P 0x7f5478649500
C 348
R
P 0x7f547863a168
C 357
R
P 0x7f547863a168
C 427
= 0x7f5478662d68
R
P 0x7f547863a168
C 357
R
P 0x7f547863a168
P 0x7f5478662d68
C 436
R
P 0x7f547863a168
C 357
R
P 0x7f547863a168
C 13
= 0x7f5478669a68
R
P 0x7f547863a168
C 357
R
P 0x7f547863a168
P 0x7f5478669a68
C 14
R
P 0x7f547863a168
C 357
R
P 0x7f547863a168
S "mbqi"
C 30
R
P 0x7f547863a168
C 357
R
P 0x7f547863a168
$ |mbqi|
C 216
R
P 0x7f547863a168
C 357
R
P 0x7f547863a168
P 0x7f5478669a68
$ |mbqi|
I 0
C 16
R
P 0x7f547863a168
C 357
R
P 0x7f547863a168
P 0x7f5478662d68
P 0x7f5478669a68
C 435
R
P 0x7f547863a168
C 357
R
P 0x7f547863a168
P 0x7f5478649500
C 60
= 0x7f5478645178
R
P 0x7f547863a168
C 357
R
P 0x7f547863a168
P 0x7f5478645178
C 272
R
P 0x7f547863a168
C 357
R
P 0x7f547863a168
P 0x7f5478645178
C 9
R
P 0x7f547863a168
C 357
R
P 0x7f547863a168
P 0x7f5478662d68
P 0x7f5478645178
C 442
R
P 0x7f547863a168
C 357
R
P 0x7f547863a168
P 0x7f5478662d68
C 451
R
P 0x7f547863a168
C 357
R
P 0x7f547863a168
P 0x7f5478662d68
C 457
= 0x7f54786477f8
R
P 0x7f547863a168
C 357
R
P 0x7f547863a168
P 0x7f54786477f8
C 271
R
P 0x7f547863a168
C 357
R
P 0x7f547863a168
P 0x7f54786477f8
C 268
= 0x7f5478642f78
R
P 0x7f547863a168
C 357
R
P 0x7f547863a168
P 0x7f5478642f78
C 223
R
P 0x7f547863a168
C 357
R
P 0x7f547863a168
P 0x7f54786477f8
C 274
R
P 0x7f547863a168
C 357
R
P 0x7f547863a168
P 0x7f54786477f8
C 273
R
P 0x7f547863a168
C 357
R
P 0x7f547863a168
P 0x7f54786477f8
C 272
R
P 0x7f547863a168
C 357
R
P 0x7f547863a168
P 0x7f54786477f8
C 9
R
P 0x7f547863a168
C 357
R
P 0x7f547863a168
P 0x7f54786477f8
C 348
R
P 0x7f547863a168
C 357
R
P 0x7f547863a168
P 0x7f5478649458
U 1
P 0x7f5478645118
p 1
C 50
= 0x7f5478645418
R
P 0x7f547863a168
C 357
R
P 0x7f547863a168
P 0x7f5478645418
C 271
R
P 0x7f547863a168
C 357
R
P 0x7f547863a168
P 0x7f5478645418
C 268
= 0x7f5478643938
R
P 0x7f547863a168
C 357
R
P 0x7f547863a168
P 0x7f5478643938
C 223
R
P 0x7f547863a168
C 357
R
P 0x7f547863a168
P 0x7f5478645418
C 274
R
P 0x7f547863a168
C 357
R
P 0x7f547863a168
P 0x7f5478645418
C 273
R
P 0x7f547863a168
C 357
R
P 0x7f547863a168
P 0x7f5478645418
C 272
R
P 0x7f547863a168
C 357
R
P 0x7f547863a168
P 0x7f5478645418
C 9
R
P 0x7f547863a168
C 357
R
P 0x7f547863a168
P 0x7f5478645418
P 0x7f5478645148
C 58
= 0x7f5478649a40
R
P 0x7f547863a168
C 357
R
P 0x7f547863a168
P 0x7f5478649a40
C 272
R
P 0x7f547863a168
C 357
R
P 0x7f547863a168
P 0x7f5478649a40
C 9
R
P 0x7f547863a168
C 357
R
P 0x7f547863a168
P 0x7f5478649490
P 0x7f5478649a40
C 63
= 0x7f5478649a78
R
P 0x7f547863a168
C 357
R
P 0x7f547863a168
P 0x7f5478649a78
C 272
R
P 0x7f547863a168
C 357
R
P 0x7f547863a168
P 0x7f5478649a78
C 9
R
P 0x7f547863a168
C 357
R
P 0x7f547863a168
P 0x7f5478649a78
C 348
R
P 0x7f547863a168
C 357
R
P 0x7f547863a168
C 427
= 0x7f54786a6058
R
P 0x7f547863a168
C 357
R
P 0x7f547863a168
P 0x7f54786a6058
C 436
R
P 0x7f547863a168
C 357
R
P 0x7f547863a168
C 13
= 0x7f5478745b68
R
P 0x7f547863a168
C 357
R
P 0x7f547863a168
P 0x7f5478745b68
C 14
R
P 0x7f547863a168
C 357
R
P 0x7f547863a168
S "mbqi"
C 30
R
P 0x7f547863a168
C 357
R
P 0x7f547863a168
$ |mbqi|
C 216
R
P 0x7f547863a168
C 357
R
P 0x7f547863a168
P 0x7f5478745b68
$ |mbqi|
I 0
C 16
R
P 0x7f547863a168
C 357
R
P 0x7f547863a168
P 0x7f54786a6058
P 0x7f5478745b68
C 435
R
P 0x7f547863a168
C 357
R
P 0x7f547863a168
P 0x7f5478649a78
C 60
= 0x7f5478645448
R
P 0x7f547863a168
C 357
R
P 0x7f547863a168
P 0x7f5478645448
C 272
R
P 0x7f547863a168
C 357
R
P 0x7f547863a168
P 0x7f5478645448
C 9
R
P 0x7f547863a168
C 357
R
P 0x7f547863a168
P 0x7f54786a6058
P 0x7f5478645448
C 442
R
P 0x7f547863a168
C 357
R
P 0x7f547863a168
P 0x7f54786a6058
C 451
R
P 0x7f547863a168
C 357
R
P 0x7f547863a168
P 0x7f54786a6058
C 456
= 0x7f547895d718
R
P 0x7f547863a168
C 357
R
P 0x7f547863a168
P 0x7f547895d718
C 315
R
P 0x7f547863a168
C 357
R
P 0x7f547863a168
P 0x7f547895d718
C 352
R
P 0x7f547863a168
C 357
R
P 0x7f547863a168
P 0x7f5478649a40
C 60
= 0x7f5478645478
R
P 0x7f547863a168
C 357
R
P 0x7f547863a168
P 0x7f5478645478
C 272
R
P 0x7f547863a168
C 357
R
P 0x7f547863a168
P 0x7f5478645478
C 9
R
P 0x7f547863a168
C 357
R
P 0x7f547863a168
C 427
= 0x7f54789da8d8
R
P 0x7f547863a168
C 357
R
P 0x7f547863a168
P 0x7f54789da8d8
C 436
R
P 0x7f547863a168
C 357
R
P 0x7f547863a168
P 0x7f54789da8d8
P 0x7f5478645478
C 442
R
P 0x7f547863a168
C 357
R
P 0x7f547863a168
P 0x7f54789da8d8
C 451
R
P 0x7f547863a168
C 357
R
P 0x7f547863a168
P 0x7f54789da8d8
C 456
= 0x7f5478a36118
R
P 0x7f547863a168
C 357
R
P 0x7f547863a168
P 0x7f5478a36118
C 315
R
P 0x7f547863a168
C 357
R
P 0x7f547863a168
P 0x7f5478a36118
C 352
R
P 0x7f547863a168
C 357
R
P 0
C 7
= 0x7f5478d32888
R
P 0x7f5478d32888
U 2
C 347
R
P 0x7f5478d32888
C 357
R
P 0
C 7
= 0x7f5478f2a5d8
R
P 0x7f5478f2a5d8
U 2
C 347
R
P 0x7f5478f2a5d8
C 357
R
P 0x7f5478d32888
C 33
= 0x7f5478f0aa98
R
P 0x7f5478d32888
C 357
R
P 0x7f5478d32888
P 0x7f5478f0aa98
C 271
R
P 0x7f5478d32888
C 357
R
P 0x7f5478d32888
P 0x7f5478f0aa98
C 9
R
P 0x7f5478d32888
C 357
R
P 0x7f5478f2a5d8
C 33
= 0x7f5478f345a8
R
P 0x7f5478f2a5d8
C 357
R
P 0x7f5478f2a5d8
P 0x7f5478f345a8
C 271
R
P 0x7f5478f2a5d8
C 357
R
P 0x7f5478f2a5d8
P 0x7f5478f345a8
C 9
R
P 0x7f5478f2a5d8
C 357
R
P 0x7f5478d32888
P 0x7f5478f0aa98
P 0x7f5478f2a5d8
C 313
= 0x7f5478f345a8
R
P 0x7f5478d32888
C 357
R
P 0x7f5478f2a5d8
P 0x7f5478f345a8
C 271
R
P 0x7f5478f2a5d8
C 357
R
P 0x7f5478f2a5d8
P 0x7f5478f345a8
C 223
R
P 0x7f5478f2a5d8
C 357
R
P 0x7f5478f2a5d8
P 0x7f5478f345a8
C 271
R
P 0x7f5478f2a5d8
C 357
R
P 0x7f5478f2a5d8
P 0x7f5478f345a8
C 9
R
P 0x7f5478f2a5d8
C 357
R
P 0x7f5478f2a5d8
C 357
R
P 0x7f5478d32888
S "e1"
C 30
R
P 0x7f5478d32888
C 357
R
P 0x7f5478d32888
$ |e1|
C 216
R
P 0x7f5478d32888
C 357
R
P 0x7f5478d32888
$ |e1|
P 0x7f5478f0aa98
C 51
= 0x7f5478f0b3b8
R
P 0x7f5478d32888
C 357
R
P 0x7f5478d32888
P 0x7f5478f0b3b8
C 271
R
P 0x7f5478d32888
C 357
R
P 0x7f5478d32888
P 0x7f5478f0b3b8
C 268
= 0x7f5478f0aa98
R
P 0x7f5478d32888
C 357
R
P 0x7f5478d32888
P 0x7f5478f0aa98
C 223
R
P 0x7f5478d32888
C 357
R
P 0x7f5478d32888
P 0x7f5478f0b3b8
C 274
R
P 0x7f5478d32888
C 357
R
P 0x7f5478d32888
P 0x7f5478f0b3b8
C 273
R
P 0x7f5478d32888
C 357
R
P 0x7f5478d32888
P 0x7f5478f0b3b8
C 272
R
P 0x7f5478d32888
C 357
R
P 0x7f5478d32888
P 0x7f5478f0b3b8
C 9
R
P 0x7f5478d32888
C 357
R
P 0x7f5478f2a5d8
S "e1"
C 30
R
P 0x7f5478f2a5d8
C 357
R
P 0x7f5478f2a5d8
$ |e1|
C 216
R
P 0x7f5478f2a5d8
C 357
R
P 0x7f5478f2a5d8
$ |e1|
P 0x7f5478f345a8
C 51
= 0x7f5478f34ec8
R
P 0x7f5478f2a5d8
C 357
R
P 0x7f5478f2a5d8
P 0x7f5478f34ec8
C 271
R
P 0x7f5478f2a5d8
C 357
R
P 0x7f5478f2a5d8
P 0x7f5478f34ec8
C 268
= 0x7f5478f345a8
R
P 0x7f5478f2a5d8
C 357
R
P 0x7f5478f2a5d8
P 0x7f5478f345a8
C 223
R
P 0x7f5478f2a5d8
C 357
R
P 0x7f5478f2a5d8
P 0x7f5478f34ec8
C 274
R
P 0x7f5478f2a5d8
C 357
R
P 0x7f5478f2a5d8
P 0x7f5478f34ec8
C 273
R
P 0x7f5478f2a5d8
C 357
R
P 0x7f5478f2a5d8
P 0x7f5478f34ec8
C 272
R
P 0x7f5478f2a5d8
C 357
R
P 0x7f5478f2a5d8
P 0x7f5478f34ec8
C 9
R
P 0x7f5478f2a5d8
C 357
R
P 0x7f5478d32888
P 0x7f5478f0b3b8
P 0x7f5478f2a5d8
C 313
= 0x7f5478f34ec8
R
P 0x7f5478d32888
C 357
R
P 0x7f5478f2a5d8
P 0x7f5478f34ec8
C 271
R
P 0x7f5478f2a5d8
C 357
R
P 0x7f5478f2a5d8
P 0x7f5478f34ec8
C 271
R
P 0x7f5478f2a5d8
C 357
R
P 0x7f5478f2a5d8
P 0x7f5478f34ec8
C 268
= 0x7f5478f345a8
R
P 0x7f5478f2a5d8
C 357
R
P 0x7f5478f2a5d8
P 0x7f5478f345a8
C 223
R
P 0x7f5478f2a5d8
C 357
R
P 0x7f5478f2a5d8
P 0x7f5478f34ec8
C 274
R
P 0x7f5478f2a5d8
C 357
R
P 0x7f5478f2a5d8
P 0x7f5478f34ec8
C 273
R
P 0x7f5478f2a5d8
C 357
R
P 0x7f5478f2a5d8
P 0x7f5478f34ec8
C 272
R
P 0x7f5478f2a5d8
C 357
R
P 0x7f5478f2a5d8
P 0x7f5478f34ec8
C 9
R
P 0x7f5478f2a5d8
C 357
R
P 0x7f5478f2a5d8
C 357
